
=== 全局聚类初始化 ===
点云总数: 7
检测到 3 个聚类（排除噪声）
  初始化目标 ID 0: 位置(314.31, -78.21), 点数: 2, 初始速度: -9.84 m/s, 状态: moving
  初始化目标 ID 1: 位置(270.39, -81.42), 点数: 3, 初始速度: -9.49 m/s, 状态: moving
  初始化目标 ID 2: 位置(289.32, -87.56), 点数: 1, 初始速度: -8.49 m/s, 状态: moving
  初始化目标 ID 3: 位置(315.26, -76.23), 点数: 1, 初始速度: -9.61 m/s, 状态: moving
成功初始化 4 个目标

=== 改进版多目标跟踪 ===
当前活跃目标数: 4
输入动态点数: 7
创建临时目标 0

=== 改进版多目标跟踪 ===
当前活跃目标数: 4
输入动态点数: 4
创建临时目标 1

=== 改进版多目标跟踪 ===
当前活跃目标数: 4
输入动态点数: 17

=== 改进版多目标跟踪 ===
当前活跃目标数: 4
输入动态点数: 15

=== 改进版多目标跟踪 ===
当前活跃目标数: 4
输入动态点数: 4
目标 1 匹配成功

=== 改进版多目标跟踪 ===
当前活跃目标数: 4
输入动态点数: 6
目标 0: 已移除，原因: lost, 静止计数: 0

★★★ [ID 2] 即将被移除 ★★★
    移除原因: lost
    最终位置: (289.32, -87.56)
    静止计数: 0
    丢失计数: 6
    轨迹长度: 7
    上一帧位移: 0.00 m
目标 2: 已移除，原因: lost, 静止计数: 0
目标 3: 已移除，原因: lost, 静止计数: 0

=== 改进版多目标跟踪 ===
当前活跃目标数: 1
输入动态点数: 3
[1;33m[Open3D WARNING] [KDTreeFlann::SetRawData] Failed due to no data.[0;m

=== 改进版多目标跟踪 ===
当前活跃目标数: 1
输入动态点数: 2
[1;33m[Open3D WARNING] [KDTreeFlann::SetRawData] Failed due to no data.[0;m

=== 改进版多目标跟踪 ===
当前活跃目标数: 1
输入动态点数: 5
[1;33m[Open3D WARNING] [KDTreeFlann::SetRawData] Failed due to no data.[0;m
目标 1: 已移除，原因: unstable, 静止计数: 0

=== 改进版多目标跟踪 ===
当前活跃目标数: 0
输入动态点数: 17
临时目标 1: 连续丢失 4 帧，已删除

=== 改进版多目标跟踪 ===
当前活跃目标数: 0
输入动态点数: 31

=== 改进版多目标跟踪 ===
当前活跃目标数: 0
输入动态点数: 24

=== 改进版多目标跟踪 ===
当前活跃目标数: 0
输入动态点数: 16

=== 改进版多目标跟踪 ===
当前活跃目标数: 0
输入动态点数: 9

=== 改进版多目标跟踪 ===
当前活跃目标数: 0
输入动态点数: 12
创建临时目标 2

=== 改进版多目标跟踪 ===
当前活跃目标数: 0
输入动态点数: 7

=== 改进版多目标跟踪 ===
当前活跃目标数: 0
输入动态点数: 3

=== 改进版多目标跟踪 ===
当前活跃目标数: 0
输入动态点数: 1

=== 改进版多目标跟踪 ===
当前活跃目标数: 0
输入动态点数: 1

=== 改进版多目标跟踪 ===
当前活跃目标数: 0
输入动态点数: 4
创建临时目标 3

=== 改进版多目标跟踪 ===
当前活跃目标数: 0
输入动态点数: 12

=== 改进版多目标跟踪 ===
当前活跃目标数: 0
输入动态点数: 13
临时目标 2: 连续丢失 4 帧，已删除
